I'm sorry, but errors were detected in your script. Please correct the
errors listed below, and try again.


File "game/story/secondDayMorning.rpy", line 565: expected 'simple_expression' not found.
    show alexei serious at zorder 1 left2
                           ^

Ren'Py Version: Ren'Py 7.7.0.24012702
Sun Feb 11 20:47:37 2024
